// Vitest Snapshot v1, https://vitest.dev/guide/snapshot.html

exports[`SystemModule — Download-History Panel > 2b. Snapshot-Test: 1 Eintrag — gerenderter Container stimmt mit Snapshot überein 1`] = `"<strong>🎙️ Kirobi Audio — Live-Verbindung</strong><div class="gpuLine"><span>Aktive Verbindungen</span><span style="color: rgb(136, 136, 136);">○ keine</span></div><div class="gpuLine"><span>Idle seit</span><span style="color: rgb(204, 204, 204);">0s </span></div><div class="gpuLine"><span>Status</span><span style="color: rgb(76, 175, 80);">OK</span></div><div class="gpuLine"><span>Letzter Alert</span><span style="color: rgb(76, 175, 80);">✅ kein Alert</span></div><div class="gpuLine"><span>Modus</span><span style="color: rgb(255, 204, 0);">☀️ Tag</span></div>"`;

exports[`SystemModule — Download-History Panel > 3b. Snapshot-Test: Volle History — gerenderter Container stimmt mit Snapshot überein 1`] = `"<strong>🎙️ Kirobi Audio — Live-Verbindung</strong><div class="gpuLine"><span>Aktive Verbindungen</span><span style="color: rgb(136, 136, 136);">○ keine</span></div><div class="gpuLine"><span>Idle seit</span><span style="color: rgb(204, 204, 204);">0s </span></div><div class="gpuLine"><span>Status</span><span style="color: rgb(76, 175, 80);">OK</span></div><div class="gpuLine"><span>Letzter Alert</span><span style="color: rgb(76, 175, 80);">✅ kein Alert</span></div><div class="gpuLine"><span>Modus</span><span style="color: rgb(255, 204, 0);">☀️ Tag</span></div>"`;
